polypeptide_fasta	/mnt/staging/ergatis/translate_sequence/$;PIPELINE_ID$;_final_polypeptides/translate_sequence.fsa.list
cds_fasta	/mnt/staging/ergatis/bsml2fasta/$;PIPELINE_ID$;_final_cds/bsml2fasta.fsa.list
annotation_genbank	$;REPO_ROOT$;/output_repository/tbl2asn/$;PIPELINE_ID$;_default/tbl2asn.gbf.list
annotation_sqn	$;REPO_ROOT$;/output_repository/tbl2asn/$;PIPELINE_ID$;_default/tbl2asn.sqn.list
bsml_pipeline_summary	/mnt/staging/ergatis/pipeline_summary/$;PIPELINE_ID$;_default/pipeline_summary.bsml.list
bsml_hmmpfam_pre	/mnt/staging/ergatis/hmmpfam/$;PIPELINE_ID$;_pre_overlap_analysis/hmmpfam.bsml.list
bsml_hmmpfam_post	/mnt/staging/ergatis/hmmpfam/$;PIPELINE_ID$;_post_overlap_analysis/hmmpfam.bsml.list
btab_ber_pre	/mnt/staging/ergatis/ber/$;PIPELINE_ID$;_pre_overlap_analysis/ber.btab.list
btab_ber_post	/mnt/staging/ergatis/ber/$;PIPELINE_ID$;_post_overlap_analysis/ber.btab.list
raw_ber_pre	/mnt/staging/ergatis/ber/$;PIPELINE_ID$;_pre_overlap_analysis/ber.raw.list
raw_ber_post	/mnt/staging/ergatis/ber/$;PIPELINE_ID$;_post_overlap_analysis/ber.raw.list
