#TAG_NAME	FILES
qiime_otu_table	$;REPO_ROOT$;/output_repository/core_qiime/$;PIPELINE_ID$;_default/results/OTU_Table.list
qiime_fasttree	$;REPO_ROOT$;/output_repository/core_qiime/$;PIPELINE_ID$;_default/results/Fasttree.list
qiime_heatmap	$;REPO_ROOT$;/output_repository/core_qiime/$;PIPELINE_ID$;_default/results/otu_heatmap
qiime_summary_tables	$;REPO_ROOT$;/output_repository/core_qiime/$;PIPELINE_ID$;_default/results/Taxa.tables.list
qiime_summary_histograms	$;REPO_ROOT$;/output_repository/core_qiime/$;PIPELINE_ID$;_default/results/histogram_stacked_qiime/histogram_stacked.results.list
qiime_skiff	$;REPO_ROOT$;/output_repository/core_qiime/$;PIPELINE_ID$;_default/results/skiff_qiime/skiff.results.list
qiime_metastats	$;REPO_ROOT$;/output_repository/core_qiime/$;PIPELINE_ID$;_default/results/metastats_qiime/metastats.results.list
qiime_beta	$;REPO_ROOT$;/output_repository/core_qiime/$;PIPELINE_ID$;_default/results/beta_diversity
rdp_res	$;REPO_ROOT$;/output_repository/rdp_classifier/$;PIPELINE_ID$;_default/rdp_classifier.results.list
rdp_tables	$;REPO_ROOT$;/output_repository/rdp_classifier/$;PIPELINE_ID$;_default/rdp_classifier.tables.list
rdp_skiff	$;REPO_ROOT$;/output_repository/skiff/$;PIPELINE_ID$;_default/skiff.results.list
rdp_metastats	$;REPO_ROOT$;/output_repository/metastats/$;PIPELINE_ID$;_default/metastats.results.list
rdp_histograms	$;REPO_ROOT$;/output_repository/histogram_stacked/$;PIPELINE_ID$;_default/histogram_stacked.results.list
mothur_otu_list	$;REPO_ROOT$;/output_repository/mothur_cluster/$;PIPELINE_ID$;_default/mothur_cluster.list.list
mothur_shannon	$;REPO_ROOT$;/output_repository/mothur_collect_single/$;PIPELINE_ID$;_default/mothur_collect_single.shannon.list
mothur_chao	$;REPO_ROOT$;/output_repository/mothur_collect_single/$;PIPELINE_ID$;_default/mothur_collect_single.chao.list
mothur_ace	$;REPO_ROOT$;/output_repository/mothur_collect_single/$;PIPELINE_ID$;_default/mothur_collect_single.ace.list
mothur_rare	$;REPO_ROOT$;/output_repository/mothur_rarefaction_single/$;PIPELINE_ID$;_default/mothur_rarefaction_single.rarefaction.list
mothur_summary	$;REPO_ROOT$;/output_repository/mothur_summary/$;PIPELINE_ID$;_single/mothur_summary.summary.list
#################    Workflow xml download       ##########################
# paths for all the workflow xml dirs are written to /tmp/workflow_xml.txt#
# For further reference, see preprocessing commands in tag_data.xml       #
###########################################################################
workflow_xml_tag	/tmp/workflow_xml.txt
