#TAG_NAME	FILES
pangenome_ncbi_blastp_raw	$;REPO_ROOT$;/output_repository/ncbi-blastp/$;PIPELINE_ID$;_default/ncbi-blastp.raw.list
pangenome_ncbi_tblastn_raw	$;REPO_ROOT$;/output_repository/ncbi-tblastn/$;PIPELINE_ID$;_default/ncbi-tblastn.raw.list
pangenome_blast_parse_stored	$;REPO_ROOT$;/output_repository/pangenome_blast_parse/$;PIPELINE_ID$;_default/pangenome.blast.stored
pangenome_new_core_genes	$;REPO_ROOT$;/output_repository/pangenome_do_analysis/$;PIPELINE_ID$;_default/pangenome.table.txt
pangenome_profile	$;REPO_ROOT$;/output_repository/pangenome_do_analysis/$;PIPELINE_ID$;_default/pangenome.profile.txt
pangenome_output	$;REPO_ROOT$;/output_repository/pangenome_do_analysis/$;PIPELINE_ID$;_default/pangenome.output
pangenome_new_ps_output	$;REPO_ROOT$;/output_repository/pangenome_make_graphs/$;PIPELINE_ID$;_new/ps.output.list
pangenome_new_eps_output	$;REPO_ROOT$;/output_repository/pangenome_make_graphs/$;PIPELINE_ID$;_new/eps.output.list
pangenome_core_ps_output	$;REPO_ROOT$;/output_repository/pangenome_make_graphs/$;PIPELINE_ID$;_core/ps.output.list
pangenome_core_eps_output	$;REPO_ROOT$;/output_repository/pangenome_make_graphs/$;PIPELINE_ID$;_core/eps.output.list
pangenome_pan_ps_output	$;REPO_ROOT$;/output_repository/pangenome_make_graphs/$;PIPELINE_ID$;_pan/ps.output.list
pangenome_pan_eps_output	$;REPO_ROOT$;/output_repository/pangenome_make_graphs/$;PIPELINE_ID$;_pan/eps.output.list
#################    Workflow xml download       ##########################
# paths for all the workflow xml dirs are written to /tmp/workflow_xml.txt#
# For further reference, see preprocessing commands in tag_data.xml       #
###########################################################################
workflow_xml_tag        /tmp/workflow_xml.txt
